// Vitest Snapshot v1, https://vitest.dev/guide/snapshot.html

exports[`ContentParagraph.vue > renders correctly and matches snapshot 1`] = `"<p class="text-lg sm:text-wrap my-2">Hello, world! This is a test.</p>"`;
