// Vitest Snapshot v1, https://vitest.dev/guide/snapshot.html

exports[`PageSection.vue > matches snapshot 1`] = `
"<section class="flex-col flex flex-wrap">
  <h1 class="font-bold text-2xl mb-4">Hello, world!</h1>
  <div class="text-lg sm:text-wrap">This is a test slot content</div>
  <div class="p-divider p-component p-divider-horizontal p-divider-solid p-divider-left" style="justify-content: center;" role="separator" aria-orientation="horizontal" data-pc-name="divider" pc1="" data-pc-section="root">
    <!---->
  </div>
</section>"
`;
